// Jest Snapshot v1, https://goo.gl/fbAQLP

exports[`<TodoForm /> testing should render correctly 1`] = `
<form
  className="mb-3"
  onSubmit={[Function]}
>
  <input
    name="desc"
    onChange={[Function]}
    placeholder="ToDo"
    type="text"
    value=""
  />
  <button
    className="btn btn-success btn-sm mb-1"
    type="submit"
  >
    Add ToDo
  </button>
</form>
`;
