// Jest Snapshot v1, https://goo.gl/fbAQLP

exports[`<Todo /> testing should render correctly 1`] = `
<div
  className="text-center p-5"
>
  <h1
    className="text-primary"
  >
    Todo App (
    0
    )
  </h1>
  <hr />
  <TodoForm
    handleAddTodo={[Function]}
  />
  <TodoList
    handleDelete={[Function]}
    handleToogle={[Function]}
    todos={Array []}
  />
</div>
`;
